2025-03-08 12:49:00 | INFO | repo=pv243-a4m36jee-2016-infinispan-seminar-autumn | action=commit
2025-05-01 08:28:00 | WARN | repo=pv243-a4m36jee-2016-infinispan-seminar-autumn | action=pull
2025-09-17 15:36:00 | INFO | repo=pv243-a4m36jee-2016-infinispan-seminar-autumn | action=test | passed=true
2025-07-06 21:48:00 | DEBUG | repo=pv243-a4m36jee-2016-infinispan-seminar-autumn | action=commit
2025-01-25 10:10:00 | INFO | repo=pv243-a4m36jee-2016-infinispan-seminar-autumn | action=commit
2025-03-16 08:51:00 | DEBUG | repo=pv243-a4m36jee-2016-infinispan-seminar-autumn | action=test | passed=true
2025-05-04 14:38:00 | WARN | repo=pv243-a4m36jee-2016-infinispan-seminar-autumn | action=commit
2025-01-07 13:30:00 | INFO | repo=pv243-a4m36jee-2016-infinispan-seminar-autumn | action=commit
2025-08-26 15:05:00 | WARN | repo=pv243-a4m36jee-2016-infinispan-seminar-autumn | action=commit
2025-11-25 15:25:00 | INFO | repo=pv243-a4m36jee-2016-infinispan-seminar-autumn | action=commit
2025-11-17 11:44:00 | INFO | repo=pv243-a4m36jee-2016-infinispan-seminar-autumn | action=commit
2025-07-04 07:07:00 | INFO | repo=pv243-a4m36jee-2016-infinispan-seminar-autumn | action=commit
2025-10-28 10:50:00 | WARN | repo=pv243-a4m36jee-2016-infinispan-seminar-autumn | action=commit
2025-01-11 14:45:00 | INFO | repo=pv243-a4m36jee-2016-infinispan-seminar-autumn | action=edit | files=4
2025-06-17 13:52:00 | INFO | repo=pv243-a4m36jee-2016-infinispan-seminar-autumn | action=commit
2025-06-02 13:00:00 | INFO | repo=pv243-a4m36jee-2016-infinispan-seminar-autumn | action=test | passed=true
2025-12-05 21:44:00 | WARN | repo=pv243-a4m36jee-2016-infinispan-seminar-autumn | action=commit
2025-08-16 12:00:00 | INFO | repo=pv243-a4m36jee-2016-infinispan-seminar-autumn | action=pull
2025-08-13 09:11:00 | DEBUG | repo=pv243-a4m36jee-2016-infinispan-seminar-autumn | action=commit
2025-03-17 18:02:00 | DEBUG | repo=pv243-a4m36jee-2016-infinispan-seminar-autumn | action=commit
2025-01-04 17:53:00 | WARN | repo=pv243-a4m36jee-2016-infinispan-seminar-autumn | action=edit | files=5
2025-06-03 19:37:00 | DEBUG | repo=pv243-a4m36jee-2016-infinispan-seminar-autumn | action=commit
2025-08-19 10:32:00 | INFO | repo=pv243-a4m36jee-2016-infinispan-seminar-autumn | action=commit
2025-10-07 15:40:00 | WARN | repo=pv243-a4m36jee-2016-infinispan-seminar-autumn | action=commit
2025-03-10 07:22:00 | INFO | repo=pv243-a4m36jee-2016-infinispan-seminar-autumn | action=commit
2025-08-15 07:17:00 | WARN | repo=pv243-a4m36jee-2016-infinispan-seminar-autumn | action=test | passed=true
2025-08-22 20:35:00 | WARN | repo=pv243-a4m36jee-2016-infinispan-seminar-autumn | action=commit
2025-09-19 07:56:00 | DEBUG | repo=pv243-a4m36jee-2016-infinispan-seminar-autumn | action=test | passed=true
2025-03-13 13:38:00 | WARN | repo=pv243-a4m36jee-2016-infinispan-seminar-autumn | action=pull
2025-12-17 21:05:00 | INFO | repo=pv243-a4m36jee-2016-infinispan-seminar-autumn | action=edit | files=2
2025-07-16 09:42:00 | INFO | repo=pv243-a4m36jee-2016-infinispan-seminar-autumn | action=commit
2025-04-22 15:03:00 | INFO | repo=pv243-a4m36jee-2016-infinispan-seminar-autumn | action=commit
2025-10-04 21:02:00 | DEBUG | repo=pv243-a4m36jee-2016-infinispan-seminar-autumn | action=pull
2025-04-11 14:08:00 | DEBUG | repo=pv243-a4m36jee-2016-infinispan-seminar-autumn | action=test | passed=true
2025-05-28 13:24:00 | WARN | repo=pv243-a4m36jee-2016-infinispan-seminar-autumn | action=commit
2025-04-23 10:48:00 | DEBUG | repo=pv243-a4m36jee-2016-infinispan-seminar-autumn | action=test | passed=true
2025-06-12 11:18:00 | WARN | repo=pv243-a4m36jee-2016-infinispan-seminar-autumn | action=edit | files=1
2025-10-24 16:28:00 | INFO | repo=pv243-a4m36jee-2016-infinispan-seminar-autumn | action=test | passed=true
2025-06-09 11:09:00 | INFO | repo=pv243-a4m36jee-2016-infinispan-seminar-autumn | action=commit
2025-02-05 20:01:00 | DEBUG | repo=pv243-a4m36jee-2016-infinispan-seminar-autumn | action=edit | files=5
2025-06-15 15:19:00 | DEBUG | repo=pv243-a4m36jee-2016-infinispan-seminar-autumn | action=commit
2025-04-23 17:46:00 | INFO | repo=pv243-a4m36jee-2016-infinispan-seminar-autumn | action=commit
2025-09-15 17:50:00 | WARN | repo=pv243-a4m36jee-2016-infinispan-seminar-autumn | action=edit | files=2
2025-04-14 14:16:00 | DEBUG | repo=pv243-a4m36jee-2016-infinispan-seminar-autumn | action=test | passed=true
2025-12-08 09:52:00 | INFO | repo=pv243-a4m36jee-2016-infinispan-seminar-autumn | action=commit
2025-10-05 13:34:00 | WARN | repo=pv243-a4m36jee-2016-infinispan-seminar-autumn | action=edit | files=5
2025-02-16 13:12:00 | INFO | repo=pv243-a4m36jee-2016-infinispan-seminar-autumn | action=commit
2025-02-09 08:36:00 | WARN | repo=pv243-a4m36jee-2016-infinispan-seminar-autumn | action=pull
2025-10-27 20:32:00 | DEBUG | repo=pv243-a4m36jee-2016-infinispan-seminar-autumn | action=pull
2025-10-19 13:11:00 | DEBUG | repo=pv243-a4m36jee-2016-infinispan-seminar-autumn | action=edit | files=4
2025-02-11 10:20:00 | WARN | repo=pv243-a4m36jee-2016-infinispan-seminar-autumn | action=commit
